node test.js

Testing Authentication:
User login successful.
Doctor login successful.

Testing User Profile:
User profile accessed: {
  _id: '6732bbd021999f6a137dc700',
  username: 'sariitani',
  email: 'sariitani101@gmail.com',
  role: 'user',
  __v: 0
}
Doctor accessed user profile: {
  _id: '6732a1d9c841929f0d0f9d55',
  username: 'sirsri',
  email: 'sirsri101@gmail.com',
  role: 'doctor',
  __v: 0
}

Testing Medical Profile:
User medical profile retrieved: {
  _id: '6732bc3e21999f6a137dc705',
  user: '6732bbd021999f6a137dc700',
  dob: '2000-01-01T00:00:00.000Z',
  sex: 'Male',
  allergies: 'Peanuts',
  medications: 'Ibuprofen',
  emergencyContactName: 'John Doe',
  emergencyContactPhone: '123456789',
  bloodType: 'A+',
  smokingStatus: false,
  __v: 0
}
Doctor accessed user medical profile: {
  _id: '6732bc3e21999f6a137dc705',
  user: {
    _id: '6732bbd021999f6a137dc700',
    username: 'sariitani',
    email: 'sariitani101@gmail.com'
  },
  dob: '2000-01-01T00:00:00.000Z',
  sex: 'Male',
  allergies: 'Peanuts',
  medications: 'Ibuprofen',
  emergencyContactName: 'John Doe',
  emergencyContactPhone: '123456789',
  bloodType: 'A+',
  smokingStatus: false,
  __v: 0
}

Testing Diagnosis:
Diagnosis created: {
  probabilities: {
    'Paralysis (brain hemorrhage)': 60,
    Psoriasis: 20,
    'Heart attack': 20
  },
  predictions: {
    'Random Forest': 'Paralysis (brain hemorrhage)',
    'Decision Tree': 'Psoriasis',
    'Logistic Regression': 'Paralysis (brain hemorrhage)',
    'Support Vector Machine': 'Heart attack',
    'Gaussian Naive Bayes': 'Paralysis (brain hemorrhage)'
  }
}
User accessed diagnosis history: [
  {
    _id: '6735c72aa64cc481967180a5',
    user: '6732bbd021999f6a137dc700',
    symptoms: [ 'headache', 'fever' ],
    diagnosis: 'Paralysis (brain hemorrhage)',
    probabilities: {
      'Paralysis (brain hemorrhage)': 60,
      Psoriasis: 20,
      'Heart attack': 20
    },
    timestamp: '2024-11-14T09:47:22.012Z',
    __v: 0
  },
  {
    _id: '6735c6b9a64cc4819671807c',
    user: '6732bbd021999f6a137dc700',
    symptoms: [ 'headache', 'fever' ],
    diagnosis: 'Paralysis (brain hemorrhage)',
    probabilities: {
      'Paralysis (brain hemorrhage)': 60,
      Psoriasis: 20,
      'Heart attack': 20
    },
    timestamp: '2024-11-14T09:45:29.651Z',
    __v: 0
  },
  {
    _id: '6735c66d1cde05b47dbf0db3',
    user: '6732bbd021999f6a137dc700',
    symptoms: [ 'headache', 'fever' ],
    diagnosis: 'Paralysis (brain hemorrhage)',
    probabilities: {
      'Paralysis (brain hemorrhage)': 60,
      Psoriasis: 20,
      'Heart attack': 20
    },
    timestamp: '2024-11-14T09:44:13.400Z',
    __v: 0
  },
  {
    _id: '6735c5bf1cde05b47dbf0d8b',
    user: '6732bbd021999f6a137dc700',
    symptoms: [ 'headache', 'fever' ],
    diagnosis: 'Paralysis (brain hemorrhage)',
    probabilities: {
      'Paralysis (brain hemorrhage)': 60,
      Psoriasis: 20,
      'Heart attack': 20
    },
    timestamp: '2024-11-14T09:41:19.231Z',
    __v: 0
  },
  {
    _id: '6735c4911cde05b47dbf0d6b',
    user: '6732bbd021999f6a137dc700',
    symptoms: [ 'headache', 'fever' ],
    diagnosis: 'Paralysis (brain hemorrhage)',
    probabilities: {
      'Paralysis (brain hemorrhage)': 60,
      Psoriasis: 20,
      'Heart attack': 20
    },
    timestamp: '2024-11-14T09:36:17.233Z',
    __v: 0
  },
  {
    _id: '6735c02a1cde05b47dbf0d4b',
    user: '6732bbd021999f6a137dc700',
    symptoms: [ 'headache', 'fever' ],
    diagnosis: 'Paralysis (brain hemorrhage)',
    probabilities: {
      'Paralysis (brain hemorrhage)': 60,
      Psoriasis: 20,
      'Heart attack': 20
    },
    timestamp: '2024-11-14T09:17:30.766Z',
    __v: 0
  },
  {
    _id: '6735beec1cde05b47dbf0d2d',
    user: '6732bbd021999f6a137dc700',
    symptoms: [ 'headache', 'fever' ],
    diagnosis: 'Paralysis (brain hemorrhage)',
    probabilities: {
      'Paralysis (brain hemorrhage)': 60,
      Psoriasis: 20,
      'Heart attack': 20
    },
    timestamp: '2024-11-14T09:12:12.688Z',
    __v: 0
  },
  {
    _id: '6735bea01cde05b47dbf0d0f',
    user: '6732bbd021999f6a137dc700',
    symptoms: [ 'headache', 'fever' ],
    diagnosis: 'Paralysis (brain hemorrhage)',
    probabilities: {
      'Paralysis (brain hemorrhage)': 60,
      Psoriasis: 20,
      'Heart attack': 20
    },
    timestamp: '2024-11-14T09:10:56.350Z',
    __v: 0
  },
  {
    _id: '6735b1edb03eb44c8d89f59d',
    user: '6732bbd021999f6a137dc700',
    symptoms: [ 'headache', 'fever' ],
    diagnosis: 'Paralysis (brain hemorrhage)',
    probabilities: {
      'Paralysis (brain hemorrhage)': 60,
      Psoriasis: 20,
      'Heart attack': 20
    },
    timestamp: '2024-11-14T08:16:45.262Z',
    __v: 0
  }
]
Doctor accessed diagnosis history: [
  {
    _id: '6735c72aa64cc481967180a5',
    user: '6732bbd021999f6a137dc700',
    symptoms: [ 'headache', 'fever' ],
    diagnosis: 'Paralysis (brain hemorrhage)',
    probabilities: {
      'Paralysis (brain hemorrhage)': 60,
      Psoriasis: 20,
      'Heart attack': 20
    },
    timestamp: '2024-11-14T09:47:22.012Z',
    __v: 0
  },
  {
    _id: '6735c6b9a64cc4819671807c',
    user: '6732bbd021999f6a137dc700',
    symptoms: [ 'headache', 'fever' ],
    diagnosis: 'Paralysis (brain hemorrhage)',
    probabilities: {
      'Paralysis (brain hemorrhage)': 60,
      Psoriasis: 20,
      'Heart attack': 20
    },
    timestamp: '2024-11-14T09:45:29.651Z',
    __v: 0
  },
  {
    _id: '6735c66d1cde05b47dbf0db3',
    user: '6732bbd021999f6a137dc700',
    symptoms: [ 'headache', 'fever' ],
    diagnosis: 'Paralysis (brain hemorrhage)',
    probabilities: {
      'Paralysis (brain hemorrhage)': 60,
      Psoriasis: 20,
      'Heart attack': 20
    },
    timestamp: '2024-11-14T09:44:13.400Z',
    __v: 0
  },
  {
    _id: '6735c5bf1cde05b47dbf0d8b',
    user: '6732bbd021999f6a137dc700',
    symptoms: [ 'headache', 'fever' ],
    diagnosis: 'Paralysis (brain hemorrhage)',
    probabilities: {
      'Paralysis (brain hemorrhage)': 60,
      Psoriasis: 20,
      'Heart attack': 20
    },
    timestamp: '2024-11-14T09:41:19.231Z',
    __v: 0
  },
  {
    _id: '6735c4911cde05b47dbf0d6b',
    user: '6732bbd021999f6a137dc700',
    symptoms: [ 'headache', 'fever' ],
    diagnosis: 'Paralysis (brain hemorrhage)',
    probabilities: {
      'Paralysis (brain hemorrhage)': 60,
      Psoriasis: 20,
      'Heart attack': 20
    },
    timestamp: '2024-11-14T09:36:17.233Z',
    __v: 0
  },
  {
    _id: '6735c02a1cde05b47dbf0d4b',
    user: '6732bbd021999f6a137dc700',
    symptoms: [ 'headache', 'fever' ],
    diagnosis: 'Paralysis (brain hemorrhage)',
    probabilities: {
      'Paralysis (brain hemorrhage)': 60,
      Psoriasis: 20,
      'Heart attack': 20
    },
    timestamp: '2024-11-14T09:17:30.766Z',
    __v: 0
  },
  {
    _id: '6735beec1cde05b47dbf0d2d',
    user: '6732bbd021999f6a137dc700',
    symptoms: [ 'headache', 'fever' ],
    diagnosis: 'Paralysis (brain hemorrhage)',
    probabilities: {
      'Paralysis (brain hemorrhage)': 60,
      Psoriasis: 20,
      'Heart attack': 20
    },
    timestamp: '2024-11-14T09:12:12.688Z',
    __v: 0
  },
  {
    _id: '6735bea01cde05b47dbf0d0f',
    user: '6732bbd021999f6a137dc700',
    symptoms: [ 'headache', 'fever' ],
    diagnosis: 'Paralysis (brain hemorrhage)',
    probabilities: {
      'Paralysis (brain hemorrhage)': 60,
      Psoriasis: 20,
      'Heart attack': 20
    },
    timestamp: '2024-11-14T09:10:56.350Z',
    __v: 0
  },
  {
    _id: '6735b1edb03eb44c8d89f59d',
    user: '6732bbd021999f6a137dc700',
    symptoms: [ 'headache', 'fever' ],
    diagnosis: 'Paralysis (brain hemorrhage)',
    probabilities: {
      'Paralysis (brain hemorrhage)': 60,
      Psoriasis: 20,
      'Heart attack': 20
    },
    timestamp: '2024-11-14T08:16:45.262Z',
    __v: 0
  }
]

Testing Dashboard Access:
User dashboard accessed: {
  user: {
    _id: '6732bbd021999f6a137dc700',
    username: 'sariitani',
    email: 'sariitani101@gmail.com',
    role: 'user',
    __v: 0
  },
  medicalProfile: {
    _id: '6732bc3e21999f6a137dc705',
    user: '6732bbd021999f6a137dc700',
    dob: '2000-01-01T00:00:00.000Z',
    sex: 'Male',
    allergies: 'Peanuts',
    medications: 'Ibuprofen',
    emergencyContactName: 'John Doe',
    emergencyContactPhone: '123456789',
    bloodType: 'A+',
    smokingStatus: false,
    __v: 0
  }
}
Doctor accessed patients list: [
  {
    _id: '6732913c0e30a61e7ca8fe76',
    user: '67328f700d18580cb50a2359',
    dob: '1990-01-01T00:00:00.000Z',
    sex: 'Male',
    allergies: 'Peanuts',
    medications: 'Ibuprofen',
    emergencyContactName: 'John Doe',
    emergencyContactPhone: '123456789',
    bloodType: 'O+',
    smokingStatus: false,
    __v: 0
  },
  {
    _id: '6732bc3e21999f6a137dc705',
    user: '6732bbd021999f6a137dc700',
    dob: '2000-01-01T00:00:00.000Z',
    sex: 'Male',
    allergies: 'Peanuts',
    medications: 'Ibuprofen',
    emergencyContactName: 'John Doe',
    emergencyContactPhone: '123456789',
    bloodType: 'A+',
    smokingStatus: false,
    __v: 0
  }
]
Diagnoisis History accessed: [
  {
    _id: '6735c72aa64cc481967180a5',
    user: '6732bbd021999f6a137dc700',
    symptoms: [ 'headache', 'fever' ],
    diagnosis: 'Paralysis (brain hemorrhage)',
    probabilities: {
      'Paralysis (brain hemorrhage)': 60,
      Psoriasis: 20,
      'Heart attack': 20
    },
    timestamp: '2024-11-14T09:47:22.012Z',
    __v: 0
  },
  {
    _id: '6735c6b9a64cc4819671807c',
    user: '6732bbd021999f6a137dc700',
    symptoms: [ 'headache', 'fever' ],
    diagnosis: 'Paralysis (brain hemorrhage)',
    probabilities: {
      'Paralysis (brain hemorrhage)': 60,
      Psoriasis: 20,
      'Heart attack': 20
    },
    timestamp: '2024-11-14T09:45:29.651Z',
    __v: 0
  },
  {
    _id: '6735c66d1cde05b47dbf0db3',
    user: '6732bbd021999f6a137dc700',
    symptoms: [ 'headache', 'fever' ],
    diagnosis: 'Paralysis (brain hemorrhage)',
    probabilities: {
      'Paralysis (brain hemorrhage)': 60,
      Psoriasis: 20,
      'Heart attack': 20
    },
    timestamp: '2024-11-14T09:44:13.400Z',
    __v: 0
  },
  {
    _id: '6735c5bf1cde05b47dbf0d8b',
    user: '6732bbd021999f6a137dc700',
    symptoms: [ 'headache', 'fever' ],
    diagnosis: 'Paralysis (brain hemorrhage)',
    probabilities: {
      'Paralysis (brain hemorrhage)': 60,
      Psoriasis: 20,
      'Heart attack': 20
    },
    timestamp: '2024-11-14T09:41:19.231Z',
    __v: 0
  },
  {
    _id: '6735c4911cde05b47dbf0d6b',
    user: '6732bbd021999f6a137dc700',
    symptoms: [ 'headache', 'fever' ],
    diagnosis: 'Paralysis (brain hemorrhage)',
    probabilities: {
      'Paralysis (brain hemorrhage)': 60,
      Psoriasis: 20,
      'Heart attack': 20
    },
    timestamp: '2024-11-14T09:36:17.233Z',
    __v: 0
  },
  {
    _id: '6735c02a1cde05b47dbf0d4b',
    user: '6732bbd021999f6a137dc700',
    symptoms: [ 'headache', 'fever' ],
    diagnosis: 'Paralysis (brain hemorrhage)',
    probabilities: {
      'Paralysis (brain hemorrhage)': 60,
      Psoriasis: 20,
      'Heart attack': 20
    },
    timestamp: '2024-11-14T09:17:30.766Z',
    __v: 0
  },
  {
    _id: '6735beec1cde05b47dbf0d2d',
    user: '6732bbd021999f6a137dc700',
    symptoms: [ 'headache', 'fever' ],
    diagnosis: 'Paralysis (brain hemorrhage)',
    probabilities: {
      'Paralysis (brain hemorrhage)': 60,
      Psoriasis: 20,
      'Heart attack': 20
    },
    timestamp: '2024-11-14T09:12:12.688Z',
    __v: 0
  },
  {
    _id: '6735bea01cde05b47dbf0d0f',
    user: '6732bbd021999f6a137dc700',
    symptoms: [ 'headache', 'fever' ],
    diagnosis: 'Paralysis (brain hemorrhage)',
    probabilities: {
      'Paralysis (brain hemorrhage)': 60,
      Psoriasis: 20,
      'Heart attack': 20
    },
    timestamp: '2024-11-14T09:10:56.350Z',
    __v: 0
  },
  {
    _id: '6735b1edb03eb44c8d89f59d',
    user: '6732bbd021999f6a137dc700',
    symptoms: [ 'headache', 'fever' ],
    diagnosis: 'Paralysis (brain hemorrhage)',
    probabilities: {
      'Paralysis (brain hemorrhage)': 60,
      Psoriasis: 20,
      'Heart attack': 20
    },
    timestamp: '2024-11-14T08:16:45.262Z',
    __v: 0
  }
]

Testing Doctor Dashboard:
Doctor profile created or updated: {
  _id: '6735bea237d4a94a801f2938',
  userId: '6732a1d9c841929f0d0f9d55',
  __v: 0,
  availability: 'Monday-Friday',
  cv: 'static/11915072_16.pdf',
  experience: '10 years',
  field: 'Cardiology',
  license: 'static/11915072_16.pdf'
}
Doctor availability fetched: Monday-Friday
Fetching doctor profile as user failed: { message: 'Access forbidden: insufficient permissions' }
Doctor accessed patient details: {
  _id: '6732bc3e21999f6a137dc705',
  user: {
    _id: '6732bbd021999f6a137dc700',
    username: 'sariitani',
    email: 'sariitani101@gmail.com'
  },
  dob: '2000-01-01T00:00:00.000Z',
  sex: 'Male',
  allergies: 'Peanuts',
  medications: 'Ibuprofen',
  emergencyContactName: 'John Doe',
  emergencyContactPhone: '123456789',
  bloodType: 'A+',
  smokingStatus: false,
  __v: 0
}
